Traceback (most recent call last):
  File "C:\Users\atsuga\AppData\Local\Programs\Python\Python312\Lib\site-packages\jupyter_cache\executors\utils.py", line 58, in single_nb_execution
    executenb(
  File "C:\Users\atsuga\AppData\Local\Programs\Python\Python312\Lib\site-packages\nbclient\client.py", line 1314, in execute
    return NotebookClient(nb=nb, resources=resources, km=km, **kwargs).execute()
           ^^^^^^^^^^^^^^^^^^^^^^^^^^^^^^^^^^^^^^^^^^^^^^^^^^^^^^^^^^^^^^^^^^^^^
  File "C:\Users\atsuga\AppData\Local\Programs\Python\Python312\Lib\site-packages\jupyter_core\utils\__init__.py", line 165, in wrapped
    return loop.run_until_complete(inner)
           ^^^^^^^^^^^^^^^^^^^^^^^^^^^^^^
  File "C:\Users\atsuga\AppData\Local\Programs\Python\Python312\Lib\asyncio\base_events.py", line 687, in run_until_complete
    return future.result()
           ^^^^^^^^^^^^^^^
  File "C:\Users\atsuga\AppData\Local\Programs\Python\Python312\Lib\site-packages\nbclient\client.py", line 709, in async_execute
    await self.async_execute_cell(
  File "C:\Users\atsuga\AppData\Local\Programs\Python\Python312\Lib\site-packages\nbclient\client.py", line 1062, in async_execute_cell
    await self._check_raise_for_error(cell, cell_index, exec_reply)
  File "C:\Users\atsuga\AppData\Local\Programs\Python\Python312\Lib\site-packages\nbclient\client.py", line 918, in _check_raise_for_error
    raise CellExecutionError.from_cell_and_msg(cell, exec_reply_content)
nbclient.exceptions.CellExecutionError: An error occurred while executing the following cell:
------------------
fig, ax1 = plt.subplots(figsize=(16, 8))
plt.title("Harga Jual Emas", fontsize=24)
plt.ylabel('Harga dalam juta rupiah', fontsize=18)
plt.xlabel('Tahun', fontsize=18)
sns.set_palette(["#090364", "#1960EF", "#EF5919"])
sns.lineplot(data=df['sell'], linewidth=1.0, dashes=False, ax=ax1)
plt.show()
------------------


[1;31m---------------------------------------------------------------------------[0m
[1;31mNameError[0m                                 Traceback (most recent call last)
Cell [1;32mIn[3], line 1[0m
[1;32m----> 1[0m fig, ax1 [38;5;241m=[39m [43mplt[49m[38;5;241m.[39msubplots(figsize[38;5;241m=[39m([38;5;241m16[39m, [38;5;241m8[39m))
[0;32m      2[0m plt[38;5;241m.[39mtitle([38;5;124m"[39m[38;5;124mHarga Jual Emas[39m[38;5;124m"[39m, fontsize[38;5;241m=[39m[38;5;241m24[39m)
[0;32m      3[0m plt[38;5;241m.[39mylabel([38;5;124m'[39m[38;5;124mHarga dalam juta rupiah[39m[38;5;124m'[39m, fontsize[38;5;241m=[39m[38;5;241m18[39m)

[1;31mNameError[0m: name 'plt' is not defined

